{"canonical": {"10000.txt": "0bcd8b95fd4f6968b3fd6d79b07be1a1"}, "broadcast": {"10000.txt": "19e30d04722bb198d81f4610c3b8f527"}, "uncle": {"10000.txt": "666e7d2aac015cc9a911ce0ceead7226"}, "forked": {"10000.txt": "a760c4d3b14bc73b34d1e6c155a543e9"}}